---
source: crates/sui-swarm-config/tests/snapshot_tests.rs
expression: genesis.sui_system_object().into_genesis_version_for_tooling()
---
epoch: 0
protocol_version: 45
system_state_version: 1
validators:
  total_stake: 20000000000000000
  active_validators:
    - metadata:
        sui_address: "0x60307f36c284875bf298d4d85a673046648b1ac4b47e712e42ab10d57dd77a26"
        protocol_pubkey_bytes:
          - 153
          - 242
          - 94
          - 246
          - 31
          - 128
          - 50
          - 185
          - 20
          - 99
          - 100
          - 96
          - 152
          - 44
          - 92
          - 198
          - 241
          - 52
          - 239
          - 29
          - 218
          - 231
          - 102
          - 87
          - 242
          - 203
          - 254
          - 193
          - 235
          - 252
          - 141
          - 9
          - 115
          - 116
          - 8
          - 13
          - 246
          - 252
          - 240
          - 220
          - 184
          - 188
          - 75
          - 13
          - 142
          - 10
          - 245
          - 216
          - 14
          - 187
          - 255
          - 43
          - 76
          - 89
          - 159
          - 84
          - 244
          - 45
          - 99
          - 18
          - 223
          - 195
          - 20
          - 39
          - 96
          - 120
          - 193
          - 204
          - 52
          - 126
          - 187
          - 190
          - 197
          - 25
          - 139
          - 226
          - 88
          - 81
          - 63
          - 56
          - 107
          - 147
          - 13
          - 2
          - 194
          - 116
          - 154
          - 128
          - 62
          - 35
          - 48
          - 149
          - 94
          - 189
          - 26
          - 16
        network_pubkey_bytes:
          - 148
          - 228
          - 168
          - 73
          - 49
          - 68
          - 233
          - 230
          - 150
          - 32
          - 140
          - 190
          - 208
          - 2
          - 89
          - 230
          - 221
          - 181
          - 111
          - 151
          - 155
          - 145
          - 195
          - 41
          - 103
          - 86
          - 9
          - 133
          - 190
          - 97
          - 144
          - 155
        worker_pubkey_bytes:
          - 31
          - 42
          - 121
          - 1
          - 168
          - 66
          - 228
          - 211
          - 98
          - 59
          - 198
          - 28
          - 225
          - 193
          - 113
          - 125
          - 46
          - 118
          - 142
          - 15
          - 215
          - 45
          - 248
          - 52
          - 26
          - 245
          - 102
          - 21
          - 185
          - 22
          - 240
          - 56
        proof_of_possession_bytes:
          - 151
          - 191
          - 31
          - 245
          - 62
          - 131
          - 184
          - 23
          - 162
          - 33
          - 124
          - 71
          - 229
          - 10
          - 56
          - 179
          - 47
          - 67
          - 223
          - 65
          - 196
          - 125
          - 67
          - 111
          - 55
          - 104
          - 114
          - 157
          - 166
          - 146
          - 6
          - 104
          - 90
          - 214
          - 33
          - 36
          - 63
          - 93
          - 228
          - 221
          - 166
          - 7
          - 164
          - 61
          - 169
          - 219
          - 78
          - 19
        name: "0"
        description: ""
        image_url: ""
        project_url: ""
        net_address: /ip4/127.0.0.1/tcp/80
        p2p_address: /ip4/127.0.0.1/udp/80
        primary_address: /ip4/127.0.0.1/udp/80
        worker_address: /ip4/127.0.0.1/udp/80
        next_epoch_protocol_pubkey_bytes: ~
        next_epoch_proof_of_possession: ~
        next_epoch_network_pubkey_bytes: ~
        next_epoch_worker_pubkey_bytes: ~
        next_epoch_net_address: ~
        next_epoch_p2p_address: ~
        next_epoch_primary_address: ~
        next_epoch_worker_address: ~
        extra_fields:
          id:
            id: "0x93d24898fb529aef7433a35b7a4de05036b087aac96f33aa6ebea11bca918873"
          size: 0
      voting_power: 10000
      operation_cap_id: "0xad75a4f0dafa36f6c37a08501501279213d930189bdbdedf0f9c98ff5f718322"
      gas_price: 1000
      staking_pool:
        id: "0xb580917d26a325db5527c08cab34dbdb767e56b5840e2e4fa599222f86977d2b"
        activation_epoch: 0
        deactivation_epoch: ~
        sui_balance: 20000000000000000
        rewards_pool:
          value: 0
        pool_token_balance: 20000000000000000
        exchange_rates:
          id: "0xee81da2200b48ee373e8d9d14340461459c713aaf7c4eae88f916420ceeb1236"
          size: 1
        pending_stake: 0
        pending_total_sui_withdraw: 0
        pending_pool_token_withdraw: 0
        extra_fields:
          id:
            id: "0x5b3cbb226c5ab748b3e62cec6b7446f85768214806256c5eb605bddd2287a374"
          size: 0
      commission_rate: 200
      next_epoch_stake: 20000000000000000
      next_epoch_gas_price: 1000
      next_epoch_commission_rate: 200
      extra_fields:
        id:
          id: "0x74ae2314dbd1cd1ddc0497d9616b58d117253754175fb99136b4d7c70a1e17b1"
        size: 0
  pending_active_validators:
    contents:
      id: "0xbdacc1af1f90dc7c36e5c5ec67a115caf5f366761279fd4647ff6417c7efb791"
      size: 0
  pending_removals: []
  staking_pool_mappings:
    id: "0x47040d1659ed168e3ead94614b16680604d7983d17b25ab1351de356a30c7488"
    size: 1
  inactive_validators:
    id: "0x3f371596e9faed0adfa565d83749e12dbd3d6bb97f97e3863dd2dfdb24ee7cf3"
    size: 0
  validator_candidates:
    id: "0xf07d7fd23b6ab04c1634b2bfc89cd15f11771e7bfc4675a0cee9f5cd1f36fd04"
    size: 0
  at_risk_validators:
    contents: []
  extra_fields:
    id:
      id: "0x9788679b8a4eb68ebe565041337b029d1192b2ae3883c531b665dd53b54dedcf"
    size: 0
storage_fund:
  total_object_storage_rebates:
    value: 0
  non_refundable_balance:
    value: 0
parameters:
  epoch_duration_ms: 86400000
  stake_subsidy_start_epoch: 0
  max_validator_count: 150
  min_validator_joining_stake: 30000000000000000
  validator_low_stake_threshold: 20000000000000000
  validator_very_low_stake_threshold: 15000000000000000
  validator_low_stake_grace_period: 7
  extra_fields:
    id:
      id: "0x0e39e3baeb1a652db096a6510bcd8b3eeac0ea729729251692c1d545d158443e"
    size: 0
reference_gas_price: 1000
validator_report_records:
  contents: []
stake_subsidy:
  balance:
    value: 9230000000000000000
  distribution_counter: 0
  current_distribution_amount: 1000000000000000
  stake_subsidy_period_length: 10
  stake_subsidy_decrease_rate: 1000
  extra_fields:
    id:
      id: "0x1a73c2836d39587c63685aeac9dd86e618bd4651055c17a03f986020110df0d9"
    size: 0
safe_mode: false
safe_mode_storage_rewards:
  value: 0
safe_mode_computation_rewards:
  value: 0
safe_mode_storage_rebates: 0
safe_mode_non_refundable_storage_fee: 0
epoch_start_timestamp_ms: 10
extra_fields:
  id:
    id: "0x589a4beca826b64ddfaaa96b69b0e0eb009259b31a825f4d2a9b47d57211a5f4"
  size: 0

